// Jest Snapshot v1, https://goo.gl/fbAQLP

exports[`Testing <App /> should render the default view 1`] = `
<Provider
  store={
    Object {
      "dispatch": [Function],
      "getState": [Function],
      "replaceReducer": [Function],
      "subscribe": [Function],
      Symbol(observable): [Function],
    }
  }
>
  <BrowserRouter>
    <Routes />
  </BrowserRouter>
</Provider>
`;

exports[`Testing <App /> should render the default view 2`] = `<Routes />`;
